// Vitest Snapshot v1, https://vitest.dev/guide/snapshot.html

exports[`Locator.svelte > renders without errors 1`] = `"<div><form autocomplete="off"><div class="autocomplete svelte-1vfk4s3"><input id="location-input" type="text" placeholder="Search Location" autocapitalize="off" autocomplete="off" autocorrect="off" class="svelte-1vfk4s3"> </div> <input type="submit" value="Submit" disabled="" class="svelte-1vfk4s3"></form></div>"`;
